
> wbsite@0.0.0 build
> vite build

vite v5.4.21 building for production...
transforming...
✓ 2198 modules transformed.
rendering chunks...
computing gzip size...
dist/index.html                   0.46 kB │ gzip:   0.29 kB
dist/assets/index-BDEpt2l8.css    4.32 kB │ gzip:   1.56 kB
dist/assets/index-C2fgirXG.js   601.73 kB │ gzip: 171.02 kB

(!) Some chunks are larger than 500 kB after minification. Consider:
- Using dynamic import() to code-split the application
- Use build.rollupOptions.output.manualChunks to improve chunking: https://rollupjs.org/configuration-options/#output-manualchunks
- Adjust chunk size limit for this warning via build.chunkSizeWarningLimit.
✓ built in 21.46s
